// Jest Snapshot v1, https://goo.gl/fbAQLP

exports[`chunk-context parse \`chunk-context\` 1`] = `
{
  "files": [
    {
      "chunks": [
        {
          "changes": [
            {
              "content": "  // hello world",
              "lineAfter": 4,
              "lineBefore": 4,
              "type": "UnchangedLine",
            },
            {
              "content": "  console.log("hello world");",
              "lineAfter": 5,
              "type": "AddedLine",
            },
          ],
          "context": "function hello() {",
          "fromFileRange": {
            "lines": 1,
            "start": 4,
          },
          "toFileRange": {
            "lines": 5,
            "start": 4,
          },
          "type": "Chunk",
        },
      ],
      "path": "rename.js",
      "type": "ChangedFile",
    },
  ],
  "type": "GitDiff",
}
`;
