// Jest Snapshot v1, https://goo.gl/fbAQLP

exports[`parseDeleteMarker should parse delete marker. 1`] = `"src/tests/delete.test.ts"`;
