// Jest Snapshot v1, https://goo.gl/fbAQLP

exports[`parseChangeMarkers should parse change markers. 1`] = `
Object {
  "added": "src/tests/addition.test.ts",
  "deleted": "src/tests/addition.test.ts",
}
`;
